aa
aa
aa
aa
aa
bb
bb
bb
bb
bb
cc
cc
cc
cc
cc
dd
dd
dd
dd
dd
ee
ee
ee
ee
ee
