TIC
TAC
TIC
TAC
TIC
TAC
TIC
TAC
TIC
TAC
TIC
TAC
TIC
TAC
p lock: 0
p lock: 0
