-104
-108
-11
-11
-110
-110
-112
-114
-115
-116
-116
-117
-118
-118
-119
-12
-12
-122
-125
-127
-128
-13
-15
-2
-21
-21
-22
-22
-25
-27
-29
-30
-30
-31
-31
-32
-33
-33
-34
-34
-36
-37
-37
-41
-41
-42
-43
-43
-49
-49
-5
-5
-56
-57
-57
-60
-60
-65
-65
-67
-70
-71
-73
-73
-74
-74
-78
-80
-82
-83
-83
-84
-87
-87
-90
-99
10
101
101
103
104
107
111
113
113
115
115
116
117
120
120
123
124
126
126
18
19
20
24
24
25
25
29
29
3
36
36
38
41
44
44
45
46
46
48
48
5
50
57
57
58
58
6
6
61
66
68
71
72
72
73
78
79
80
81
81
83
86
86
87
90
92
92
95
96
96
97
98
99
99
