-103
-104
-104
-108
-11
-11
-110
-110
-112
-114
-115
-116
-116
-117
-118
-118
-119
-12
-12
-122
-122
-125
-127
-128
-128
-13
-13
-15
-15
-2
-2
-21
-21
-22
-22
-25
-27
-27
-29
-29
-30
-30
-31
-31
-32
-32
-33
-33
-34
-34
-36
-36
-37
-37
-41
-41
-42
-42
-43
-43
-45
-47
-49
-49
-5
-5
-56
-56
-57
-57
-60
-60
-62
-65
-65
-67
-70
-70
-71
-71
-73
-73
-74
-74
-78
-8
-80
-80
-82
-82
-83
-83
-84
-84
-87
-87
-90
-92
-99
-99
10
10
101
101
103
104
106
107
107
111
113
113
115
115
116
116
117
117
12
120
120
123
123
124
126
126
13
16
18
18
19
20
24
24
25
25
29
29
3
36
36
38
41
41
44
44
45
45
46
46
48
48
5
50
54
55
57
57
58
58
6
6
61
63
66
68
68
71
71
72
72
73
78
79
79
80
81
81
83
85
86
86
87
87
9
90
91
92
92
94
95
95
96
96
97
97
98
98
99
99
